c:\users\administrator\desktop\game-program\gamer\x64\debug\vc143.pdb
c:\users\administrator\desktop\game-program\gamer\x64\debug\vc143.idb
c:\users\administrator\desktop\game-program\gamer\x64\debug\game.obj
c:\users\administrator\desktop\game-program\x64\debug\gamer.exe
c:\users\administrator\desktop\game-program\x64\debug\gamer.pdb
c:\users\administrator\desktop\game-program\gamer\x64\debug\gamer.ilk
c:\users\administrator\desktop\game-program\gamer\x64\debug\cas.obj
c:\users\administrator\desktop\game-program\gamer\x64\debug\class1.obj
c:\users\administrator\desktop\game-program\gamer\x64\debug\class2.obj
c:\users\administrator\desktop\game-program\gamer\x64\debug\class3.obj
c:\users\administrator\desktop\game-program\gamer\x64\debug\class4.obj
c:\users\administrator\desktop\game-program\gamer\x64\debug\class5.obj
c:\users\administrator\desktop\game-program\gamer\x64\debug\source.obj
c:\users\administrator\desktop\game-program\gamer\x64\debug\gamer.tlog\cl.command.1.tlog
c:\users\administrator\desktop\game-program\gamer\x64\debug\gamer.tlog\cl.items.tlog
c:\users\administrator\desktop\game-program\gamer\x64\debug\gamer.tlog\cl.read.1.tlog
c:\users\administrator\desktop\game-program\gamer\x64\debug\gamer.tlog\cl.write.1.tlog
c:\users\administrator\desktop\game-program\gamer\x64\debug\gamer.tlog\link.command.1.tlog
c:\users\administrator\desktop\game-program\gamer\x64\debug\gamer.tlog\link.read.1.tlog
c:\users\administrator\desktop\game-program\gamer\x64\debug\gamer.tlog\link.secondary.1.tlog
c:\users\administrator\desktop\game-program\gamer\x64\debug\gamer.tlog\link.write.1.tlog
